// Jest Snapshot v1, https://goo.gl/fbAQLP

exports[`AuthenResolver should authen and return user 1`] = `
Object {
  "_id": "58d0e20e7ff032b39c2a9a18",
  "name": "bar",
}
`;
