// Jest Snapshot v1, https://goo.gl/fbAQLP

exports[`index should install and authen then return authen 1`] = `
Object {
  "_id": "58d0e20e7ff032b39c2a9a18",
  "name": "bar",
}
`;
