// Jest Snapshot v1, https://goo.gl/fbAQLP

exports[`willReadUser should return error if session not exist 1`] = `[Error: No session found]`;
