// Jest Snapshot v1, https://goo.gl/fbAQLP

exports[`index should have start function 1`] = `[Function]`;
