// Jest Snapshot v1, https://goo.gl/fbAQLP

exports[`passport-local should be true for valid email 1`] = `true`;

exports[`passport-local should be true for valid passowrd 1`] = `true`;
